
jay90@DELL MINGW64 /d/jay programings/git
$ git status
fatal: not a git repository (or any of the parent directories): .git

jay90@DELL MINGW64 /d/jay programings/git
$ git config --global user.name "Jayanth"

jay90@DELL MINGW64 /d/jay programings/git
$ git config --global user.email "jayanthjay295@gmail.com"

jay90@DELL MINGW64 /d/jay programings/git
$ git config --list
diff.astextplain.textconv=astextplain
filter.lfs.clean=git-lfs clean -- %f
filter.lfs.smudge=git-lfs smudge -- %f
filter.lfs.process=git-lfs filter-process
filter.lfs.required=true
http.sslbackend=openssl
http.sslcainfo=C:/Program Files/Git/mingw64/etc/ssl/certs/ca-bundle.crt
core.autocrlf=true
core.fscache=true
core.symlinks=false
pull.rebase=false
credential.helper=manager
credential.https://dev.azure.com.usehttppath=true
init.defaultbranch=master
filter.lfs.smudge=git-lfs smudge -- %f
filter.lfs.process=git-lfs filter-process
filter.lfs.required=true
filter.lfs.clean=git-lfs clean -- %f
user.name=Jayanth
user.email=jayanthjay295@gmail.com
http.postbuffer=524288000

jay90@DELL MINGW64 /d/jay programings/git
$ git config --global core.editor emacs

jay90@DELL MINGW64 /d/jay programings/git
$ git config --global core.editor vim

jay90@DELL MINGW64 /d/jay programings/git
$ git config user.name
Jayanth

jay90@DELL MINGW64 /d/jay programings/git
$ script git_config.txt
bash: script: command not found

jay90@DELL MINGW64 /d/jay programings/git
$ git script git_config.txt
git: 'script' is not a git command. See 'git --help'.

jay90@DELL MINGW64 /d/jay programings/git
$ script git_config.txt^C

jay90@DELL MINGW64 /d/jay programings/git
$ git config --list > git_config.txt

jay90@DELL MINGW64 /d/jay programings/git
$ dir
git1.png  git_config.txt

jay90@DELL MINGW64 /d/jay programings/git
$ cat ^Cxt > output.txt

jay90@DELL MINGW64 /d/jay programings/git
$ cat git_config.txt > output.txt

jay90@DELL MINGW64 /d/jay programings/git
$ dir
git1.png  git_config.txt  output.txt

jay90@DELL MINGW64 /d/jay programings/git
$



jay90@DELL MINGW64 /d/jay programings/git/faist
$ git status
fatal: not a git repository (or any of the parent directories): .git

jay90@DELL MINGW64 /d/jay programings/git/faist
$ git init
Initialized empty Git repository in D:/jay programings/git/faist/.git/

jay90@DELL MINGW64 /d/jay programings/git/faist (master)
$ dir
db.accdb  excel.xlsx  first.txt  pp.pptx

jay90@DELL MINGW64 /d/jay programings/git/faist (master)
$ git status
On branch master

No commits yet

Untracked files:
  (use "git add <file>..." to include in what will be committed)
        db.accdb
        excel.xlsx
        first.txt
        pp.pptx

nothing added to commit but untracked files present (use "git add" to track)

jay90@DELL MINGW64 /d/jay programings/git/faist (master)
$ git add -a
error: unknown switch `a'
usage: git add [<options>] [--] <pathspec>...

    -n, --dry-run         dry run
    -v, --verbose         be verbose

    -i, --interactive     interactive picking
    -p, --patch           select hunks interactively
    -e, --edit            edit current diff and apply
    -f, --force           allow adding otherwise ignored files
    -u, --update          update tracked files
    --renormalize         renormalize EOL of tracked files (implies -u)
    -N, --intent-to-add   record only the fact that the path will be added later
    -A, --all             add changes from all tracked and untracked files
    --ignore-removal      ignore paths removed in the working tree (same as --no-all)
    --refresh             don't add, only refresh the index
    --ignore-errors       just skip files which cannot be added because of errors
    --ignore-missing      check if - even missing - files are ignored in dry run
    --sparse              allow updating entries outside of the sparse-checkout cone
    --chmod (+|-)x        override the executable bit of the listed files
    --pathspec-from-file <file>
                          read pathspec from file
    --pathspec-file-nul   with --pathspec-from-file, pathspec elements are separated with NUL character


jay90@DELL MINGW64 /d/jay programings/git/faist (master)
$ git add --a

jay90@DELL MINGW64 /d/jay programings/git/faist (master)
$ git status
On branch master

No commits yet

Changes to be committed:
  (use "git rm --cached <file>..." to unstage)
        new file:   db.accdb
        new file:   excel.xlsx
        new file:   first.txt
        new file:   pp.pptx


jay90@DELL MINGW64 /d/jay programings/git/faist (master)
$ git commit -m
error: switch `m' requires a value

jay90@DELL MINGW64 /d/jay programings/git/faist (master)
$ git commit -m "Initial commit"
[master (root-commit) 02e8222] Initial commit
 4 files changed, 1 insertion(+)
 create mode 100644 db.accdb
 create mode 100644 excel.xlsx
 create mode 100644 first.txt
 create mode 100644 pp.pptx

jay90@DELL MINGW64 /d/jay programings/git/faist (master)
$ git status
On branch master
nothing to commit, working tree clean

jay90@DELL MINGW64 /d/jay programings/git/faist (master)
$ dir
db.accdb  excel.xlsx  first.txt  pp.pptx

jay90@DELL MINGW64 /d/jay programings/git/faist (master)
$ git log
commit 02e8222d3efd8de78942385f84326f440d49d738 (HEAD -> master)
Author: Jayanth <jayanthjay295@gmail.com>
Date:   Sat Jul 6 17:26:15 2024 +0530

    Initial commit

jay90@DELL MINGW64 /d/jay programings/git/faist (master)
$ git status
On branch master
Changes not staged for commit:
  (use "git add <file>..." to update what will be committed)
  (use "git restore <file>..." to discard changes in working directory)
        modified:   first.txt

no changes added to commit (use "git add" and/or "git commit -a")

jay90@DELL MINGW64 /d/jay programings/git/faist (master)
$ git status
On branch master
Changes not staged for commit:
  (use "git add <file>..." to update what will be committed)
  (use "git restore <file>..." to discard changes in working directory)
        modified:   excel.xlsx
        modified:   first.txt

no changes added to commit (use "git add" and/or "git commit -a")

jay90@DELL MINGW64 /d/jay programings/git/faist (master)
$ git add first.txt

jay90@DELL MINGW64 /d/jay programings/git/faist (master)
$ git status
On branch master
Changes to be committed:
  (use "git restore --staged <file>..." to unstage)
        modified:   first.txt

Changes not staged for commit:
  (use "git add <file>..." to update what will be committed)
  (use "git restore <file>..." to discard changes in working directory)
        modified:   excel.xlsx


jay90@DELL MINGW64 /d/jay programings/git/faist (master)
$ gti commit -m "Changes text.txt and added some more details"
bash: gti: command not found

 jay90@DELL MINGW64 /d/jay programings/git/faist (master)
$ git commit -m "Changes text.txt and added some more details"
[master 2ebfcf1] Changes text.txt and added some more details
 1 file changed, 2 insertions(+), 1 deletion(-)

jay90@DELL MINGW64 /d/jay programings/git/faist (master)
$ git status
On branch master
Changes not staged for commit:
  (use "git add <file>..." to update what will be committed)
  (use "git restore <file>..." to discard changes in working directory)
        modified:   excel.xlsx

no changes added to commit (use "git add" and/or "git commit -a")

jay90@DELL MINGW64 /d/jay programings/git/faist (master)
$
